$ RUN_LIVE_E2E=1 bun test test/live.e2e.test.ts
bun test v1.3.14 (0d9b296a)

test/live.e2e.test.ts:
Plan: 2 to create
[AgentBackend] create
[AgentBackend/AI] create
[AgentBackend/AgentSession] create
[Website] create
[Website/BACKEND] create

[AgentBackend] pre-creating
[Website] pre-creating
[Website] Pre-creating worker...
[AgentBackend] Pre-creating worker...
[Website] pending
[AgentBackend] pending
[AgentBackend] creating
[AgentBackend] Uploading worker (572.69 KB) ...
[AgentBackend] Enabling workers.dev subdomain...
[Website] creating
[AgentBackend] created
[36mvite v8.0.7 [32mbuilding client environment for production...[36m[39m
[32m✓ built in 244ms[39m
[36mvite v8.0.7 [32mbuilding ssr environment for production...[36m[39m
[32m✓ built in 233ms[39m
[Website] Checking assets...
[Website] Uploaded 0 of 4 assets...
[Website] Uploaded 2 of 4 assets...
[Website] Uploaded 3 of 4 assets...
[Website] Uploaded 4 of 4 assets...
[Website] Uploading worker (1.73 MB) ...
[Website] Enabling workers.dev subdomain...
[Website] created
[AgentBackend] created
[Website] created

Done: 4 succeeded
(pass) verifies messages, context, tools, compaction, and runtime snapshots through Effect RPC [9455.53ms]
[01:37:34.182] INFO (#895): Reconnect replay terminal evidence {
  sequence: 1,
  generation: 1,
}
[01:37:54.718] INFO (#895): Hibernation auto-response evidence {
  keepAlive: 0,
}
[01:38:14.742] INFO (#895): Hibernation auto-response evidence {
  keepAlive: 1,
}
[01:38:34.769] INFO (#895): Hibernation auto-response evidence {
  keepAlive: 2,
}
[01:38:50.220] INFO (#895): Hibernation wake evidence {
  beforeBootId: "boot-ace82a28-3aeb-42af-b27c-dcd3a24f5008",
  afterBootId: "boot-a5d14f33-618d-427b-b937-32d80bc6e43f",
}
408 |       );
409 |       const staleFailure = yield* nextRuntimeFrame(staleCursor);
410 |       expect(staleFailure._tag).toBe("ProtocolError");
411 |       if (staleFailure._tag === "ProtocolError") {
412 |         expect(staleFailure.code).toBe("stale-stream");
413 |         expect(staleFailure.recoverable).toBe(true);
                                               ^
error: expect(received).toBe(expected)

Expected: true
Received: false

      at <anonymous> (/Users/peteredm/.reference/alchemy-agent/test/live.e2e.test.ts:413:42)
      at ~effect/Effect/successCont (/Users/peteredm/.reference/alchemy-agent/node_modules/effect/dist/internal/effect.js:927:26)
      at runLoop (/Users/peteredm/.reference/alchemy-agent/node_modules/effect/dist/internal/effect.js:461:98)
      at evaluate (/Users/peteredm/.reference/alchemy-agent/node_modules/effect/dist/internal/effect.js:421:23)
      at <anonymous> (/Users/peteredm/.reference/alchemy-agent/node_modules/effect/dist/internal/effect.js:780:15)
      at onExit (/Users/peteredm/.reference/alchemy-agent/node_modules/effect/dist/internal/effect.js:1010:5)
      at <anonymous> (/Users/peteredm/.reference/alchemy-agent/node_modules/effect/dist/internal/effect.js:1021:7)
      at evaluate (/Users/peteredm/.reference/alchemy-agent/node_modules/effect/dist/internal/effect.js:434:23)
      at <anonymous> (/Users/peteredm/.reference/alchemy-agent/node_modules/effect/dist/internal/effect.js:780:15)
      at releaseTakers (/Users/peteredm/.reference/alchemy-agent/node_modules/effect/dist/Queue.js:1479:5)
      at runTasks (/Users/peteredm/.reference/alchemy-agent/node_modules/effect/dist/Scheduler.js:160:15)
      at afterScheduled (/Users/peteredm/.reference/alchemy-agent/node_modules/effect/dist/Scheduler.js:150:10)
(fail) proves typed routing, reconnect replay, hibernation attachment wake, and RPC controls [87948.74ms]
Plan: 2 to update
[AgentBackend] update
[Website] update

[AgentBackend] pending
[Website] pending
[AgentBackend] updating
[Website] updating
[AgentBackend] Uploading worker (572.55 KB) ...
[36mvite v8.0.7 [32mbuilding client environment for production...[36m[39m
[32m✓ built in 274ms[39m
[36mvite v8.0.7 [32mbuilding ssr environment for production...[36m[39m
[32m✓ built in 225ms[39m
[Website] Checking assets...
[AgentBackend] updated
[Website] Uploading worker (1.73 MB) ...
[Website] updated
[AgentBackend] updated
[Website] updated

Done: 4 succeeded
Plan: 2 to update
[AgentBackend] update
[Website] update

[AgentBackend] pending
[Website] pending
[AgentBackend] updating
[Website] updating
[AgentBackend] Uploading worker (572.73 KB) ...
[36mvite v8.0.7 [32mbuilding client environment for production...[36m[39m
[32m✓ built in 215ms[39m
[36mvite v8.0.7 [32mbuilding ssr environment for production...[36m[39m
[32m✓ built in 167ms[39m
[Website] Checking assets...
[AgentBackend] updated
[Website] Uploading worker (1.73 MB) ...
[Website] updated
[AgentBackend] updated
[Website] updated

Done: 4 succeeded
[01:39:23.897] INFO (#1017): Redeploy terminal evidence {
  status: "completed",
  generation: 2,
  attempt: 1,
  recoveryWork: 313,
  reason: null,
}
(pass) forces a mid-turn Worker redeploy and converges through transcript continuation [32787.79ms]
Plan: 2 to delete
[AgentBackend] delete
[AgentBackend/AI] delete
[AgentBackend/AgentSession] delete
[Website] delete
[Website/BACKEND] delete

[Website] deleting
[Website] deleted
[AgentBackend] deleting
[AgentBackend] deleted

Done: 2 succeeded

 2 pass
 1 fail
 43 expect() calls
Ran 3 tests across 1 file. [147.23s]
error: script "test:e2e" exited with code 1
