$ RUN_LIVE_E2E=1 bun test test/live.e2e.test.ts
bun test v1.3.14 (0d9b296a)

test/live.e2e.test.ts:
Plan: 2 to create
[AgentBackend] create
[AgentBackend/AI] create
[AgentBackend/AgentSession] create
[Website] create
[Website/BACKEND] create

[AgentBackend] pre-creating
[Website] pre-creating
[AgentBackend] Pre-creating worker...
[Website] Pre-creating worker...
[AgentBackend] pending
[AgentBackend] creating
[Website] pending
[AgentBackend] Uploading worker (573.14 KB) ...
[AgentBackend] Enabling workers.dev subdomain...
[Website] creating
[AgentBackend] created
[36mvite v8.0.7 [32mbuilding client environment for production...[36m[39m
[32m✓ built in 328ms[39m
[36mvite v8.0.7 [32mbuilding ssr environment for production...[36m[39m
[32m✓ built in 178ms[39m
[Website] Checking assets...
[Website] Uploaded 0 of 4 assets...
[Website] Uploaded 2 of 4 assets...
[Website] Uploaded 3 of 4 assets...
[Website] Uploaded 4 of 4 assets...
[Website] Uploading worker (1.73 MB) ...
[Website] Enabling workers.dev subdomain...
[Website] created
[AgentBackend] created
[Website] created

Done: 4 succeeded
(pass) verifies messages, context, tools, compaction, and runtime snapshots through Effect RPC [9687.39ms]
[01:52:23.093] INFO (#903): Reconnect replay terminal evidence {
  sequence: 1,
  generation: 1,
}
[01:52:43.549] INFO (#903): Hibernation auto-response evidence {
  keepAlive: 0,
}
[01:53:03.580] INFO (#903): Hibernation auto-response evidence {
  keepAlive: 1,
}
[01:53:23.612] INFO (#903): Hibernation auto-response evidence {
  keepAlive: 2,
}
[01:53:39.281] INFO (#903): Hibernation wake evidence {
  beforeBootId: "boot-71e6d871-80d6-4c55-8a92-6c801c904cc6",
  afterBootId: "boot-9ab003ee-584b-4c16-8e8b-4e697c828bc5",
}
(pass) proves typed routing, reconnect replay, hibernation attachment wake, and RPC controls [80969.87ms]
Plan: 2 to update
[AgentBackend] update
[Website] update

[AgentBackend] pending
[Website] pending
[Website] updating
[AgentBackend] updating
[AgentBackend] Uploading worker (573.00 KB) ...
[36mvite v8.0.7 [32mbuilding client environment for production...[36m[39m
[AgentBackend] updated
[32m✓ built in 316ms[39m
[36mvite v8.0.7 [32mbuilding ssr environment for production...[36m[39m
[32m✓ built in 273ms[39m
[Website] Checking assets...
[Website] Uploading worker (1.73 MB) ...
[Website] updated
[AgentBackend] updated
[Website] updated

Done: 4 succeeded
Plan: 2 to update
[AgentBackend] update
[Website] update

[AgentBackend] pending
[Website] pending
[Website] updating
[AgentBackend] updating
[AgentBackend] Uploading worker (573.18 KB) ...
[36mvite v8.0.7 [32mbuilding client environment for production...[36m[39m
[32m✓ built in 282ms[39m
[36mvite v8.0.7 [32mbuilding ssr environment for production...[36m[39m
[32m✓ built in 307ms[39m
[Website] Checking assets...
[AgentBackend] updated
[Website] Uploading worker (1.73 MB) ...
[Website] updated
[AgentBackend] updated
[Website] updated

Done: 4 succeeded
[01:54:19.820] INFO (#1031): Redeploy terminal evidence {
  status: "completed",
  generation: 2,
  attempt: 1,
  recoveryWork: 75,
  reason: null,
}
(pass) forces a mid-turn Worker redeploy and converges through transcript continuation [38623.04ms]
Plan: 2 to delete
[AgentBackend] delete
[AgentBackend/AI] delete
[AgentBackend/AgentSession] delete
[Website] delete
[Website/BACKEND] delete

[Website] deleting
[Website] deleted
[AgentBackend] deleting
[AgentBackend] deleted

Done: 2 succeeded

 3 pass
 0 fail
 48 expect() calls
Ran 3 tests across 1 file. [149.46s]
